// Vitest Snapshot v1

exports[`mount component 1`] = `
"<div class=\\"form-control form-field textarea textarea-md textarea-primary\\">
  <!--v-if-->
  <!--v-if-->
  <div class=\\"textarea-inner\\"><textarea id=\\"id\\" style=\\"resize: both;\\"></textarea></div>
  <!--v-if-->
  <!--v-if-->
</div>"
`;
