// Vitest Snapshot v1

exports[`mount component 1`] = `
"<div class=\\"form-control switch switch-md switch-primary\\">
  <div class=\\"switch-inner\\">
    <div><input id=\\"id\\" type=\\"checkbox\\" />
      <div class=\\"switch-box\\">
        <div class=\\"switch-inner-box\\"><span class=\\"icon check switch-icon\\" aria-hidden=\\"true\\"></span><span class=\\"icon x switch-icon\\" aria-hidden=\\"true\\"></span></div>
      </div>
      <!--v-if-->
    </div>
    <div class=\\"switch-context\\">
      <!--v-if-->
      <!--v-if-->
    </div>
  </div>
</div>"
`;
