// Vitest Snapshot v1

exports[`mount component 1`] = `
"<div class=\\"form-control form-field select select-md select-primary\\">
  <!--v-if-->
  <!--v-if-->
  <div class=\\"select-inner\\">
    <div class=\\"select-element\\"><select id=\\"id\\">
        <!--v-if-->
      </select><span class=\\"icon chevron-expand select-icon\\" aria-hidden=\\"true\\"></span></div>
  </div>
  <!--v-if-->
  <!--v-if-->
</div>"
`;
