// Vitest Snapshot v1

exports[`mount component 1`] = `
"<div class=\\"form-control radio radio-md radio-primary\\">
  <div class=\\"radio-inner\\">
    <div><input id=\\"id\\" type=\\"radio\\" />
      <div class=\\"radio-box\\">
        <div class=\\"radio-inner-box\\"></div>
      </div>
      <!--v-if-->
    </div>
    <div class=\\"radio-context\\">
      <!--v-if-->
      <!--v-if-->
    </div>
  </div>
</div>"
`;
