// Vitest Snapshot v1

exports[`mount component 1`] = `
"<div id=\\"id\\" class=\\"loading loading-spinner loading-md loading-primary\\" aria-busy=\\"true\\" role=\\"progressbar\\">
  <div>
    <!--v-if-->
    <!--v-if-->
    <!--v-if-->
  </div>
  <!--v-if-->
</div>"
`;
